Starting B1 loads...
B1 clf BitGenerator error (expected): descriptor '__setstate__' for 'numpy.random.bit_generator.BitGenerator' objects doesn't apply to a '
Attempting direct load with fallback unpickler...
B1 LOAD FAILED: descriptor '__setstate__' for 'numpy.random.bit_generator.BitGenerator' objects doesn't apply to a 'tuple' object
Traceback (most recent call last):
  File "C:\Users\Rohit\OneDrive\documents\fakenewsfinalworking\verifact\engine.py", line 241, in ensure_sklearn_branches
    self._b1_clf = joblib.load(self.paths["b1_clf"])
  File "C:\Users\Rohit\OneDrive\documents\fakenewsfinalworking\tf_env\lib\site-packages\joblib\numpy_pickle.py", line 749, in load
    obj = _unpickle(
  File "C:\Users\Rohit\OneDrive\documents\fakenewsfinalworking\tf_env\lib\site-packages\joblib\numpy_pickle.py", line 626, in _unpickle
    obj = unpickler.load()
  File "C:\Users\Rohit\AppData\Local\Programs\Python\Python310\lib\pickle.py", line 1213, in load
    dispatch[key[0]](self)
  File "C:\Users\Rohit\OneDrive\documents\fakenewsfinalworking\tf_env\lib\site-packages\joblib\numpy_pickle.py", line 446, in load_build
    Unpickler.load_build(self)
  File "C:\Users\Rohit\AppData\Local\Programs\Python\Python310\lib\pickle.py", line 1718, in load_build
    setstate(state)
TypeError: descriptor '__setstate__' for 'numpy.random.bit_generator.BitGenerator' objects doesn't apply to a 'tuple' object

During handling of the above exception, another exception occurred:

Traceback (most recent call last):
  File "C:\Users\Rohit\OneDrive\documents\fakenewsfinalworking\verifact\engine.py", line 251, in ensure_sklearn_branches
    self._b1_clf = pickle.load(f)
TypeError: descriptor '__setstate__' for 'numpy.random.bit_generator.BitGenerator' objects doesn't apply to a 'tuple' object

B3 model exists: True
B3 snippet exists: True
B3 domain exists: True
Starting B3 loads...
B3 model loaded OK
B3 snippet loaded OK
B3 domain loaded OK